{
  "acceptance_passed": true,
  "workload": {
    "passed": true,
    "checks": {
      "exact_population": true,
      "no_loss_or_overload": true,
      "sustained_rate": true,
      "scheduling_p99": true,
      "scheduling_tail_fraction": true,
      "scheduling_max": true
    },
    "late_fraction": 5.555555555555555e-7,
    "minimum_acked_rate": 19800.0
  },
  "pipeline": {
    "passed": false,
    "checks": {
      "counters_never_reset": false,
      "every_acked_report_committed": false,
      "consumer_lag_drained": true,
      "no_session_evicted": true,
      "no_slow_consumer": true,
      "no_failed_batches": false,
      "database_holds_every_latest_report": true
    },
    "committed": -218034.0,
    "stale": -261.0,
    "duplicate": -11.0,
    "replayed": 648.0,
    "stored_latest": {
      "devices": 100000,
      "timestamp_sum": "179089225877762462189"
    }
  },
  "delivery_reconciled": true,
  "delivery_latency": {
    "positions": {
      "count": 11553167,
      "max_ms": 11753,
      "p50_ms": 65,
      "p95_ms": 227,
      "p99_ms": 484
    },
    "inside_report": {
      "count": 7200000,
      "max_ms": 11761,
      "p50_ms": 65,
      "p95_ms": 230,
      "p99_ms": 485
    }
  },
  "sessions": [
    {
      "counts": {
        "positions": 3600000,
        "inside_report": 3600000
      },
      "checks": {
        "positions": true,
        "inside_report": true,
        "not_closed": true
      }
    },
    {
      "counts": {
        "positions": 3600000,
        "inside_report": 3600000
      },
      "checks": {
        "positions": true,
        "inside_report": true,
        "not_closed": true
      }
    },
    {
      "counts": {
        "positions": 3600000
      },
      "checks": {
        "positions": true,
        "inside_report": true,
        "not_closed": true
      }
    },
    {
      "counts": {
        "positions": 753167
      },
      "checks": {
        "positions": true,
        "inside_report": true,
        "not_closed": true
      }
    }
  ]
}
