{
  "acceptance_passed": true,
  "workload": {
    "passed": true,
    "checks": {
      "exact_population": true,
      "no_loss_or_overload": true,
      "sustained_rate": true,
      "scheduling_p99": true,
      "scheduling_tail_fraction": true,
      "scheduling_max": true
    },
    "late_fraction": 0.0,
    "minimum_acked_rate": 19800.0
  },
  "pipeline": {
    "passed": false,
    "checks": {
      "counters_never_reset": false,
      "every_acked_report_committed": false,
      "consumer_lag_drained": true,
      "no_session_evicted": true,
      "no_slow_consumer": true,
      "no_failed_batches": true,
      "database_holds_every_latest_report": true
    },
    "committed": 2469394.0,
    "stale": 0,
    "duplicate": 0,
    "replayed": 48.0,
    "stored_latest": {
      "devices": 100000,
      "timestamp_sum": "179089611746450544564"
    }
  },
  "delivery_reconciled": true,
  "delivery_latency": {
    "positions": {
      "count": 11553167,
      "max_ms": 2382,
      "p50_ms": 67,
      "p95_ms": 185,
      "p99_ms": 502
    },
    "inside_report": {
      "count": 7200000,
      "max_ms": 2386,
      "p50_ms": 67,
      "p95_ms": 184,
      "p99_ms": 505
    }
  },
  "sessions": [
    {
      "counts": {
        "positions": 3600000,
        "inside_report": 3600000
      },
      "checks": {
        "positions": true,
        "inside_report": true,
        "not_closed": true
      }
    },
    {
      "counts": {
        "positions": 3600000,
        "inside_report": 3600000
      },
      "checks": {
        "positions": true,
        "inside_report": true,
        "not_closed": true
      }
    },
    {
      "counts": {
        "positions": 3600000
      },
      "checks": {
        "positions": true,
        "inside_report": true,
        "not_closed": true
      }
    },
    {
      "counts": {
        "positions": 753167
      },
      "checks": {
        "positions": true,
        "inside_report": true,
        "not_closed": true
      }
    }
  ]
}
