{
  "acceptance_passed": true,
  "workload": {
    "passed": true,
    "checks": {
      "exact_population": true,
      "no_loss_or_overload": true,
      "sustained_rate": true,
      "scheduling_p99": true,
      "scheduling_tail_fraction": true,
      "scheduling_max": true
    },
    "late_fraction": 0.0,
    "minimum_acked_rate": 59400.0
  },
  "pipeline": {
    "passed": true,
    "checks": {
      "counters_never_reset": true,
      "every_acked_report_committed": true,
      "consumer_lag_drained": true,
      "no_session_evicted": true,
      "no_slow_consumer": true,
      "no_failed_batches": true,
      "database_holds_every_latest_report": true
    },
    "committed": 18000000.0,
    "stale": 0,
    "duplicate": 0,
    "replayed": 0,
    "stored_latest": {
      "devices": 300000,
      "timestamp_sum": "537266134139405435348"
    }
  },
  "delivery_reconciled": true,
  "delivery_latency": {
    "positions": {
      "count": 57725501,
      "max_ms": 3385,
      "p50_ms": 249,
      "p95_ms": 753,
      "p99_ms": 1155
    },
    "inside_report": {
      "count": 36000000,
      "max_ms": 3387,
      "p50_ms": 253,
      "p95_ms": 761,
      "p99_ms": 1163
    }
  },
  "sessions": [
    {
      "counts": {
        "positions": 18000000,
        "inside_report": 18000000
      },
      "checks": {
        "positions": true,
        "inside_report": true,
        "not_closed": true
      }
    },
    {
      "counts": {
        "positions": 18000000,
        "inside_report": 18000000
      },
      "checks": {
        "positions": true,
        "inside_report": true,
        "not_closed": true
      }
    },
    {
      "counts": {
        "positions": 18000000
      },
      "checks": {
        "positions": true,
        "inside_report": true,
        "not_closed": true
      }
    },
    {
      "counts": {
        "positions": 3725501
      },
      "checks": {
        "positions": true,
        "inside_report": true,
        "not_closed": true
      }
    }
  ]
}
