{
  "acceptance_passed": false,
  "workload": {
    "passed": true,
    "checks": {
      "exact_population": true,
      "no_loss_or_overload": true,
      "sustained_rate": true,
      "scheduling_p99": true,
      "scheduling_tail_fraction": true,
      "scheduling_max": true
    },
    "late_fraction": 0.0002195,
    "minimum_acked_rate": 59400.0
  },
  "pipeline": {
    "passed": true,
    "checks": {
      "every_acked_report_committed": true,
      "consumer_lag_drained": true,
      "no_session_evicted": true,
      "no_failed_batches": true,
      "database_holds_every_latest_report": true
    },
    "committed": 18000000,
    "stored_latest": {
      "devices": 300000,
      "timestamp_sum": "537264963589473364792"
    }
  },
  "delivery_reconciled": true,
  "delivery_latency": {
    "positions": {
      "count": 57721281,
      "max_ms": 12393,
      "p50_ms": 539,
      "p95_ms": 3432,
      "p99_ms": 5120
    },
    "inside_report": {
      "count": 36000000,
      "max_ms": 12405,
      "p50_ms": 543,
      "p95_ms": 3440,
      "p99_ms": 5121
    }
  },
  "sessions": [
    {
      "counts": {
        "positions": 18000000,
        "inside_report": 18000000
      },
      "checks": {
        "positions": true,
        "inside_report": true,
        "not_closed": true
      }
    },
    {
      "counts": {
        "positions": 18000000,
        "inside_report": 18000000
      },
      "checks": {
        "positions": true,
        "inside_report": true,
        "not_closed": true
      }
    },
    {
      "counts": {
        "positions": 18000000
      },
      "checks": {
        "positions": true,
        "inside_report": true,
        "not_closed": true
      }
    },
    {
      "counts": {
        "positions": 3721281
      },
      "checks": {
        "positions": true,
        "inside_report": true,
        "not_closed": true
      }
    }
  ]
}
