{
  "acceptance_passed": false,
  "workload": {
    "passed": true,
    "checks": {
      "exact_population": true,
      "no_loss_or_overload": true,
      "sustained_rate": true,
      "scheduling_p99": true,
      "scheduling_tail_fraction": true,
      "scheduling_max": true
    },
    "late_fraction": 0.0001523888888888889,
    "minimum_acked_rate": 59400.0
  },
  "pipeline": {
    "passed": true,
    "checks": {
      "every_acked_report_committed": true,
      "consumer_lag_drained": true,
      "no_session_evicted": true,
      "no_failed_batches": true,
      "database_holds_every_latest_report": true
    },
    "committed": 18000000,
    "stored_latest": {
      "devices": 300000,
      "timestamp_sum": "537264844686525676585"
    }
  },
  "delivery_reconciled": true,
  "delivery_latency": {
    "positions": {
      "count": 57721281,
      "max_ms": 56680,
      "p50_ms": 32357,
      "p95_ms": 48728,
      "p99_ms": 51542
    },
    "inside_report": {
      "count": 36000000,
      "max_ms": 56686,
      "p50_ms": 32369,
      "p95_ms": 48740,
      "p99_ms": 51551
    }
  },
  "sessions": [
    {
      "counts": {
        "positions": 18000000,
        "inside_report": 18000000
      },
      "checks": {
        "positions": true,
        "inside_report": true,
        "not_closed": true
      }
    },
    {
      "counts": {
        "positions": 18000000,
        "inside_report": 18000000
      },
      "checks": {
        "positions": true,
        "inside_report": true,
        "not_closed": true
      }
    },
    {
      "counts": {
        "positions": 18000000
      },
      "checks": {
        "positions": true,
        "inside_report": true,
        "not_closed": true
      }
    },
    {
      "counts": {
        "positions": 3721281
      },
      "checks": {
        "positions": true,
        "inside_report": true,
        "not_closed": true
      }
    }
  ]
}
